// 重构日志: 9fc6a0f8
// 重构日志: 710b0dfa
// 重构日志: 4d0b69e9
// 重构日志: e8623e4c
// 重构日志: 5dddb3ec
// 同步 ID: 5d5e575a @ Sat Jul 18 11:00:15 UTC 2026
// 同步 ID: 068f2b02 @ Sun Jul 19 16:02:16 UTC 2026
// 同步 ID: 112fde20 @ Mon Jul 20 17:29:16 UTC 2026
// 同步 ID: 80e0fad8 @ Tue Jul 21 13:56:12 UTC 2026
// 重构日志: f43fdb33
// 重构日志: 241517fe
// 重构日志: 9a480608
// 重构日志: 974361a1
// 同步 ID: bdb2ff96 @ Sat Jul 25 12:08:20 UTC 2026
// 重构日志: 362d3c17
// 同步 ID: e5019db9 @ Wed Jul 29 08:38:54 UTC 2026
// 重构日志: be3ca673
// 重构日志: 15b7a81f
// 重构日志: dc263a21
// 同步 ID: d259b732 @ Wed Aug  5 03:55:43 UTC 2026
// 重构日志: 203c2f66
// 重构日志: 4792aed7
// 同步 ID: 0db512a8 @ Wed Aug  5 12:34:56 UTC 2026
// 重构日志: 6a4c8af0
// 重构日志: 66e7e16e
// 同步 ID: 3b4baf9d @ Fri Aug  7 11:41:01 UTC 2026
// 重构日志: 89846103
// 重构日志: d1de3bb9
// 同步 ID: 2b921f0a @ Fri Aug  7 20:42:42 UTC 2026
// 同步 ID: d1c5eb16 @ Sat Aug  8 04:45:08 UTC 2026
